1.
   Downloading external resources is disabled. - error occurs in web.xml
   : it is because dynamic module and utility module conflict
     solution : go preferences -> facet -> change dynamic module version and java version if needed According 
     to project preferences.
     
2.
   Could not publish server configuration for Tomcat v9.0 Server at localhost.
                       Multiple Contexts have a path of "/springMVC".
                       
   solution : springMVC deployed on TomCat server two times
                       
3. 
   servlet-class references to "org.springframework.web.servlet.DispatcherServlet" 
   that does not implement interface javax.servlet
   
4. 
   downloading from external resources is disabled
   solution : Go to top bar : Window -> Preference -> Maven -> tick the option 
   ('download artifact javadoc'). Thats it 'Apply & Close'.
        or 
   Window -> Preference -> XML(WWD) -> XML catalog -> download external resources -> tick the option 
   -> Thats it 'Apply & Close'.
   
5.
   Multiple annotations found at this line:
	- TargetNamespace.1: Expecting namespace 'https://www.springframework.org/schema/beans', but 
	 the target namespace of the schema document is 'http://www.springframework.org/schema/beans'.
	- TargetNamespace.1: Expecting namespace 'https://www.springframework.org/schema/mvc', but the 
	 target namespace of the schema document is 'http://www.springframework.org/schema/mvc'.
	 
	 solution : change "https" to "http" of all xmlns and schemaLocations
	 
6.
   org.springframework.beans.factory.UnsatisfiedDependencyException: Error creating bean with name 
   'alien': Unsatisfied dependency expressed through method 'setLaptop3' parameter 0: Cannot find 
   class [org.springframework.web.servlet.InternalResourceViewResolver] for bean with name 'org.springframework.web.servlet.InternalResourceViewResolver#0' defined in ServletContext resource [/WEB-INF/springDispatcherServlet-servlet.xml]
	
7. 
   the prefix "mvc" for element "mvc:annotation-driven" is not bound.
   ex : <mvc:annotation-driven/>
   reason : That happens when either of these lines is missing or misspelled in the <beans …>
   solution : 
         The namespace declaration
                 xmlns:mvc="https://www.springframework.org/schema/mvc"
         The matching schema entry in xsi:schemaLocation
                 https://www.springframework.org/schema/mvc
                 https://www.springframework.org/schema/mvc/spring-mvc.xsd
                 
8.
   Server Tomcat v10.1 Server at localhost was unable to start within 60 seconds. If the server requires 
   more time,try increasing the timeout in the server editor.
   
   solution : 
          Steps to Increase Server Timeout in Eclipse:
          Open the Servers View
               Go to Window → Show View → Servers
               (Or press Alt + Shift + Q, then S)
          Double-click on the Tomcat Server listed (e.g., Tomcat v10.1 Server at localhost).
          The Server Editor will open.
          Scroll Down to the section labeled:
               Timeouts
          Change the value of:
               Start to something like 120 seconds (or higher depending on your app)
               Stop can be increased if needed
               
9.
    Could not obtain transaction-synchronized Session for current thread
    

📅 Date: 01 July 2025

--------------------------------------------------------------
1. ❌ Tomcat Startup Timeout Error
--------------------------------------------------------------
Message:
Server Tomcat v10.1 Server at localhost was unable to start within 60 seconds.

Cause:
- Tomcat taking too long to start (slow DB or app config)

Fix:
- Increased timeout in Eclipse Servers view to 120 seconds

--------------------------------------------------------------
2. ❌ HTTP 500 – HibernateException: Could not obtain transaction-synchronized Session for current thread
--------------------------------------------------------------
Stack Trace Snippet:
org.hibernate.HibernateException: Could not obtain transaction-synchronized Session for current thread

Cause:
- `sessionFactory.getCurrentSession()` used without an active Spring transaction
- Wrong `@Transactional` import (`jakarta.transaction.Transactional`)

--------------------------------------------------------------
3. ❌ XML Schema Typo
--------------------------------------------------------------
Incorrect:
http://www.springframework.org/schema/context/spring-tx.xsd

Correct:
http://www.springframework.org/schema/tx/spring-tx.xsd

Fix:
- Corrected schema location in `springDispatcherServlet-servlet.xml`

--------------------------------------------------------------

--------------------------------------------------------------
5. ❌ PostgreSQL ALTER TABLE Keyword Conflict
--------------------------------------------------------------
Query:
ALTER TABLE "user" RENAME TO user_data;

Error:
ERROR: syntax error at or near "user"

Cause:
- `user` is a reserved keyword in PostgreSQL

==============================================================


   